[Fri Sep 11 09:39:20.239981 2026] [mpm_winnt:notice] [pid 6280:tid 400] AH00455: Apache/2.4.58 (Win64) PHP/8.3.0 configured -- resuming normal operations
[Fri Sep 11 09:39:20.239981 2026] [mpm_winnt:notice] [pid 6280:tid 400] AH00456: Apache Lounge VS17 Server built: Oct 18 2023 13:03:18
[Fri Sep 11 09:39:20.239981 2026] [core:notice] [pid 6280:tid 400] AH00094: Command line: 'C:\\Users\\ruben.torser\\UniServerZ\\core\\apache2\\bin\\httpd_z.exe -d C:/Users/ruben.torser/UniServerZ/core/apache2 -f C:\\Users\\ruben.torser\\UniServerZ\\core\\apache2\\conf\\httpd.conf -d C:\\Users\\ruben.torser\\UniServerZ\\core\\apache2'
[Fri Sep 11 09:39:20.239981 2026] [mpm_winnt:notice] [pid 6280:tid 400] AH00418: Parent: Created child process 16852
[Fri Sep 11 09:39:20.574168 2026] [mpm_winnt:notice] [pid 16852:tid 400] AH00354: Child: Starting 150 worker threads.
[Mon Sep 14 10:21:21.675184 2026] [core:warn] [pid 22052:tid 356] AH00098: pid file C:/Users/ruben.torser/UniServerZ/core/apache2/logs/httpd.pid overwritten -- Unclean shutdown of previous Apache run?
[Mon Sep 14 10:21:21.820472 2026] [mpm_winnt:notice] [pid 22052:tid 356] AH00455: Apache/2.4.58 (Win64) PHP/8.3.0 configured -- resuming normal operations
[Mon Sep 14 10:21:21.820472 2026] [mpm_winnt:notice] [pid 22052:tid 356] AH00456: Apache Lounge VS17 Server built: Oct 18 2023 13:03:18
[Mon Sep 14 10:21:21.820472 2026] [core:notice] [pid 22052:tid 356] AH00094: Command line: 'C:\\Users\\ruben.torser\\UniServerZ\\core\\apache2\\bin\\httpd_z.exe -d C:/Users/ruben.torser/UniServerZ/core/apache2 -f C:\\Users\\ruben.torser\\UniServerZ\\core\\apache2\\conf\\httpd.conf -d C:\\Users\\ruben.torser\\UniServerZ\\core\\apache2'
[Mon Sep 14 10:21:21.825995 2026] [mpm_winnt:notice] [pid 22052:tid 356] AH00418: Parent: Created child process 5440
[Mon Sep 14 10:21:22.085763 2026] [mpm_winnt:notice] [pid 5440:tid 384] AH00354: Child: Starting 150 worker threads.
[Mon Sep 14 12:13:05.981790 2026] [core:warn] [pid 15760:tid 384] AH00098: pid file C:/Users/ruben.torser/DAW/DAW/Entorno_Servidor/UniServerZ/core/apache2/logs/httpd.pid overwritten -- Unclean shutdown of previous Apache run?
[Mon Sep 14 12:13:06.004125 2026] [mpm_winnt:notice] [pid 15760:tid 384] AH00455: Apache/2.4.58 (Win64) PHP/8.3.0 configured -- resuming normal operations
[Mon Sep 14 12:13:06.004125 2026] [mpm_winnt:notice] [pid 15760:tid 384] AH00456: Apache Lounge VS17 Server built: Oct 18 2023 13:03:18
[Mon Sep 14 12:13:06.004125 2026] [core:notice] [pid 15760:tid 384] AH00094: Command line: 'C:\\Users\\ruben.torser\\DAW\\DAW\\Entorno_Servidor\\UniServerZ\\core\\apache2\\bin\\httpd_z.exe -d C:/Users/ruben.torser/DAW/DAW/Entorno_Servidor/UniServerZ/core/apache2 -f C:\\Users\\ruben.torser\\DAW\\DAW\\Entorno_Servidor\\UniServerZ\\core\\apache2\\conf\\httpd.conf -d C:\\Users\\ruben.torser\\DAW\\DAW\\Entorno_Servidor\\UniServerZ\\core\\apache2'
[Mon Sep 14 12:13:06.010662 2026] [mpm_winnt:notice] [pid 15760:tid 384] AH00418: Parent: Created child process 11976
[Mon Sep 14 12:13:06.334059 2026] [mpm_winnt:notice] [pid 11976:tid 392] AH00354: Child: Starting 150 worker threads.
[Tue Sep 15 09:53:21.730714 2026] [core:warn] [pid 5296:tid 364] AH00098: pid file C:/Users/ruben.torser/DAW/DAW/Entorno_Servidor/UniServerZ/core/apache2/logs/httpd.pid overwritten -- Unclean shutdown of previous Apache run?
PHP Warning:  PHP Startup: Unable to load dynamic library 'xdebug' (tried: C:/Users/ruben.torser/DAW/DAW/Entorno_Servidor/UniServerZ/core/php83/extensions\\xdebug (No se puede encontrar el m\xc3\xb3dulo especificado), C:/Users/ruben.torser/DAW/DAW/Entorno_Servidor/UniServerZ/core/php83/extensions\\php_xdebug.dll (No se puede encontrar el m\xc3\xb3dulo especificado)) in Unknown on line 0
[Tue Sep 15 09:53:21.761960 2026] [mpm_winnt:notice] [pid 5296:tid 364] AH00455: Apache/2.4.58 (Win64) PHP/8.3.0 configured -- resuming normal operations
[Tue Sep 15 09:53:21.761960 2026] [mpm_winnt:notice] [pid 5296:tid 364] AH00456: Apache Lounge VS17 Server built: Oct 18 2023 13:03:18
[Tue Sep 15 09:53:21.761960 2026] [core:notice] [pid 5296:tid 364] AH00094: Command line: 'C:\\Users\\ruben.torser\\DAW\\DAW\\Entorno_Servidor\\UniServerZ\\core\\apache2\\bin\\httpd_z.exe -d C:/Users/ruben.torser/DAW/DAW/Entorno_Servidor/UniServerZ/core/apache2 -f C:\\Users\\ruben.torser\\DAW\\DAW\\Entorno_Servidor\\UniServerZ\\core\\apache2\\conf\\httpd.conf -d C:\\Users\\ruben.torser\\DAW\\DAW\\Entorno_Servidor\\UniServerZ\\core\\apache2'
[Tue Sep 15 09:53:21.766662 2026] [mpm_winnt:notice] [pid 5296:tid 364] AH00418: Parent: Created child process 3748
PHP Warning:  PHP Startup: Unable to load dynamic library 'xdebug' (tried: C:/Users/ruben.torser/DAW/DAW/Entorno_Servidor/UniServerZ/core/php83/extensions\\xdebug (No se puede encontrar el m\xc3\xb3dulo especificado), C:/Users/ruben.torser/DAW/DAW/Entorno_Servidor/UniServerZ/core/php83/extensions\\php_xdebug.dll (No se puede encontrar el m\xc3\xb3dulo especificado)) in Unknown on line 0
[Tue Sep 15 09:53:21.996438 2026] [mpm_winnt:notice] [pid 3748:tid 360] AH00354: Child: Starting 150 worker threads.
